the
of
and
to
a
in
be
for
on
that
by
it
this
have
with
you
not
or
from
at
as
your
all
will
new
can
use
do
we
home
page
us
about
if
time
search
other
my
site
one
free
but
our
may
post
no
information
make
get
up
they
see
he
list
what
which
price
year
find
their
out
news
state
day
view
work
any
there
review
contact
help
business
so
only
go
when
here
who
web
system
also
now
online
shall
date
first
name
hotel
how
me
click
some
add
take
like
these
well
service
need
member
provide
back
than
buy
top
report
message
high
policy
show
support
user
school
order
know
just
email
over
video
shop
store
group
re
little
city
program
into
world
company
health
read
last
next
change
good
music
forum
file
off
set
part
rate
them
look
product
map
please
photo
her
give
design
copyright
include
great
area
such
write
call
available
mail
car
software
send
then
line
way
plan
man
want
come
where
book
type
info
power
sale
play
think
public
live
print
through
each
download
she
computer
project
center
very
network
own
article
privacy
start
end
university
image
learn
phone
case
sex
doe
sign
house
return
many
research
place
market
address
open
full
long
travel
general
under
check
subject
low
life
community
management
card
development
family
code
real
say
office
technology
item
special
international
must
form
account
guide
process
study
website
point
note
even
test
index
before
link
local
right
section
create
large
old
record
country
because
level
national
board
those
location
control
content
education
friend
internet
cost
register
problem
game
law
within
value
version
size
between
story
property
security
application
model
black
big
release
source
title
join
teen
county
course
topic
love
much
room
today
select
visit
week
class
author
care
personal
south
small
total
access
reply
profile
same
month
water
both
save
down
run
directory
gift
standard
compare
offer
department
while
government
text
pay
current
him
without
per
history
north
science
archive
complete
since
try
white
description
credit
gallery
ask
box
team
share
become
during
park
action
stock
college
second
table
lead
digital
main
light
previous
food
quote
thread
drive
party
seller
non
quality
close
insurance
still
press
money
server
word
another
star
why
industry
request
experience
library
age
sell
every
person
private
act
keep
paper
fund
allow
material
tell
increase
cover
hand
different
around
field
job
present
payment
too
estate
language
gay
west
island
track
move
human
document
reference
trade
head
watch
example
loan
hot
club
display
let
category
continue
side
single
issue
air
street
however
enter
staff
march
key
really
log
series
result
talk
movie
update
comment
body
cell
easy
professional
cart
yahoo
memory
film
medical
war
color
camera
meet
bank
mobile
submit
apply
feedback
night
function
young
lot
again
range
unit
package
blue
tax
never
garden
performance
force
financial
turn
against
court
road
notice
few
equipment
red
below
build
blog
login
space
east
discussion
student
legal
recent
above
brand
hard
format
edit
individual
license
committee
social
browse
early
break
mark
password
sound
question
interest
feel
purchase
choose
journal
important
sort
follow
fast
magazine
statement
analysis
answer
director
ship
fall
official
ad
supply
bill
hear
rental
direct
something
additional
step
collection
region
baby
bring
land
adult
fax
style
fact
organization
short
future
poker
status
finance
agreement
programme
practice
wed
major
award
error
conference
always
picture
audio
mean
understand
cause
agency
edition
put
event
holiday
receive
database
bear
id
welcome
association
period
amount
common
position
possible
yet
sun
artist
newsletter
copy
net
face
god
figure
delivery
animal
energy
match
society
charge
vote
child
porn
tour
radio
entry
similar
bid
council
president
drug
career
term
leave
mar
popular
original
purpose
environment
song
begin
specific
cheap
deal
district
beach
rock
green
discount
self
central
serve
require
until
calendar
centre
away
score
client
natural
win
average
manager
boy
once
entertainment
risk
improve
safety
pro
sure
machine
letter
bar
able
monitor
reason
eye
fun
due
already
stop
response
gold
production
several
hold
port
schedule
agent
art
kind
daily
dog
appear
hit
domain
past
believe
focus
stay
screen
clear
whether
object
weather
weight
sample
auto
stand
develop
electronics
town
upon
final
pass
front
heart
engine
window
contract
spring
technical
race
fire
structure
decision
treatment
album
nude
chapter
ever
lake
resource
near
either
ago
device
cut
subscribe
church
loss
plant
federal
wide
hope
thing
via
miss
basic
determine
manage
true
far
fish
cable
die
else
bad
tech
degree
plus
grant
remember
king
lesbian
usually
death
percent
together
commercial
strategy
bed
global
remove
speed
economic
wish
claim
oil
often
reduce
favorite
manufacturer
clean
channel
though
simple
condition
season
flash
everything
casino
vehicle
mortgage
band
various
express
frame
character
exchange
construction
mind
golf
commission
protection
river
approach
knowledge
hill
cross
consumer
quick
opinion
beauty
girl
currently
soon
station
stuff
chat
remain
editor
fine
ring
investment
logo
connect
choice
inside
aid
identify
survey
sport
perform
tree
role
listing
transfer
advertise
agree
half
host
summary
reader
annual
double
speak
none
wireless
whole
disease
institute
enable
affiliate
feature
corporation
addition
corporate
enterprise
method
active
customer
kit
happen
hardware
auction
connection
enough
carry
along
among
volume
filter
kingdom
target
selection
guy
pack
suggest
walk
yellow
base
menu
publisher
protect
culture
discuss
button
income
political
nature
block
union
western
environmental
maintain
storage
mode
executive
bay
secure
command
master
availability
authority
cash
growth
goal
provider
activity
overall
although
guest
employment
battery
effort
hospital
administration
driver
division
grade
consider
player
ensure
regional
custom
load
relationship
effect
voice
glass
officer
fan
trust
farm
impact
indicate
door
electronic
session
across
someone
gas
mature
airport
classic
anything
effective
nation
wall
wait
male
shirt
guarantee
inn
install
round
represent
horse
reach
silver
leader
anyone
retail
female
solution
particular
draw
rather
length
label
enjoy
bush
homepage
strong
nothing
population
extra
pick
distribution
challenge
certain
switch
necessary
jewelry
interface
pet
browser
zip
appropriate
foundation
trial
responsibility
number
vacation
hour
rule
advice
bag
accommodation
nice
woman
suite
military
fit
son
registration
flight
capital
pre
drink
piece
huge
firm
safe
forward
middle
summer
certificate
medicine
dance
mountain
difference
protein
expert
actually
count
brown
stage
mix
floor
assessment
module
outside
basis
budget
listen
foreign
cool
alternative
wine
rank
telephone
potential
cancer
furniture
hi
senior
multiple
camp
finish
police
mother
tool
wood
trip
super
sea
kill
ass
almost
limit
industrial
occur
thank
string
studio
happy
attack
hall
primary
demand
skin
hp
catalog
desktop
affect
late
idea
input
responsible
resort
inc
distance
friendly
independent
conduct
zone
smith
couple
repair
eg
metal
evidence
communication
wind
introduction
definition
sheet
physical
everyone
heat
panel
abstract
kitchen
inch
mount
rating
valley
buyer
regular
ready
unique
prior
eat
resolution
flow
drop
success
cat
deep
chart
navigation
sense
pool
interview
pussy
blood
output
hide
therefore
scale
simply
option
paypal
academic
sector
recently
probably
perfect
damage
earth
pattern
overview
century
worldwide
hair
anti
measure
task
fill
shot
pop
roll
traffic
mission
bin
tel
sponsor
maximum
owner
balance
excellent
breast
theme
surface
opportunity
rest
speaker
disclaimer
manual
developer
explain
respect
fight
background
anal
van
ability
thus
ie
especially
theory
situation
amazon
operation
upgrade
produce
quite
variable
positive
chair
assume
brother
beautiful
seat
implement
significant
doctor
seem
museum
useful
directly
lady
motor
default
graduate
basket
dream
bug
paint
sexy
parent
contain
fly
script
max
root
stream
ball
grand
grow
modern
alert
attorney
valid
television
membership
pressure
stone
normal
advance
accept
football
promote
instead
permit
lawyer
entire
educational
cook
fitness
partner
gain
republic
improvement
jump
boat
likely
patch
debt
exercise
morning
wear
faculty
publication
photography
multi
feed
achieve
variety
election
assistance
fair
father
path
chemical
apple
concept
northern
cup
pacific
mini
winter
laptop
dark
behind
aim
train
hire
core
yourself
column
prevent
outdoor
transport
internal
fuck
otherwise
signal
youth
except
transportation
mm
cock
correct
politics
representative
route
argument
define
lord
minister
evaluation
pretty
unless
presentation
mine
expand
medium
flat
edge
maintenance
maybe
attempt
economy
capacity
recommend
fat
southern
chance
merchant
temperature
ride
remote
etc
visual
progress
square
incest
poor
diet
minimum
benefit
workshop
campus
throughout
platform
waste
itself
fee
bird
crime
virtual
wire
external
gear
implementation
delete
min
complex
rise
installation
steel
separate
import
wrong
sub
fashion
chief
diamond
cycle
village
sequence
launch
enhance
reserve
dress
permission
assist
secretary
civil
duty
branch
truck
electric
dry
flag
exist
lab
sleep
cruise
writer
coast
touch
finally
detail
adventure
fail
unknown
participate
worth
spend
phase
musical
concern
skip
fully
dead
describe
judge
restaurant
profit
currency
explore
bottom
vision
handle
teacher
worker
essential
moment
peace
traditional
fiction
competition
motion
avoid
creative
proposal
designer
icon
campaign
wife
replace
contribute
spirit
destination
sometimes
injury
query
bible
royal
bus
beyond
literature
themselves
discover
amateur
generation
former
shape
extension
chain
encourage
counter
army
th
paperback
emergency
seek
justice
gene
fuel
respective
refer
blow
lay
monthly
dictionary
lee
brief
helpful
critical
subscription
prove
wheel
appeal
religion
height
bridge
saint
mouse
palm
advantage
employee
revenue
satellite
tag
quantity
prime
movement
league
relevant
weekend
weekly
pocket
professor
pain
lock
virus
newspaper
catch
attention
ice
vol
poll
architecture
expect
plate
secret
bond
disc
fix
guitar
selling
context
tape
engineer
draft
coverage
priority
random
volunteer
documentation
facility
favourite
attend
reflect
operator
quarter
coach
vendor
partnership
whose
cold
joint
leather
spot
initial
confirm
abuse
automotive
corner
cast
naked
beat
fantasy
scene
successful
suck
template
employer
clinical
sit
comparison
coffee
highly
premium
dynamic
actual
marine
configuration
foot
rich
patient
lodge
wild
historical
commerce
perhaps
difficult
scientific
colour
therapy
ex
pink
font
ski
particularly
oral
setting
cum
functional
advertisement
cultural
forecast
easily
boot
failure
delay
bedroom
candidate
warranty
lack
protocol
canon
plastic
forget
operate
freedom
minute
cent
factor
surgery
laboratory
soft
administrator
smart
respond
obtain
apparel
optional
calculate
influence
teach
mass
lose
solid
po
wonder
contractor
investor
cap
stick
strike
heavy
raise
generally
deliver
organisation
festival
vary
quickly
birth
equal
fresh
amendment
doc
promotion
breakfast
theater
mid
con
earn
himself
nor
component
row
acid
notebook
expression
defense
assistant
bike
establish
alone
export
meeting
queen
keyword
scheme
username
mom
angel
throw
creek
classified
orange
disk
labor
pair
km
soul
eastern
regard
ray
desire
administrative
serious
recovery
bondage
preview
battle
thought
ft
origin
urban
hole
disability
myself
initiative
arm
porno
meter
iron
truth
immediately
admin
household
approval
speech
fear
universal
theatre
comprehensive
assembly
avenue
compliance
pharmacy
brain
criminal
antique
atom
laser
behavior
acceptance
native
translation
prepare
tie
wave
faith
editorial
winner
spa
ministry
towards
funny
magic
sweet
multimedia
bet
symbol
portion
airline
snow
element
slow
interactive
bath
leadership
procedure
bookmark
enlarge
religious
clock
conflict
flower
domestic
hat
gun
approximately
demonstrate
trail
evaluate
mental
desk
wallpaper
sorry
framework
chip
gamma
scan
attribute
ocean
wing
baseball
strength
lens
dollar
automatically
bargain
frequency
sister
push
fort
yesterday
promise
measurement
tutorial
wholesale
seal
slot
portable
instance
cartoon
pin
jean
slide
poster
depth
ave
combination
creation
convention
liability
golden
senate
reality
completely
patent
crystal
cm
marriage
counsel
warm
examine
spread
electrical
applicable
reduction
portal
harry
classical
basketball
mirror
notify
birthday
direction
cam
hunter
replacement
daughter
border
cache
tab
stress
nuclear
physician
pull
contest
suit
circuit
sexual
carrier
healthy
investigation
powerful
node
false
portfolio
pump
relative
void
celebrity
finger
personnel
clip
upload
vice
pic
minor
hello
equity
signature
planet
guess
tourism
straight
integration
saving
frank
graphic
associate
processor
insert
zoom
concert
submission
surprise
ill
hang
broadcast
capture
zero
anonymous
miscellaneous
trailer
revision
dot
tone
territory
trouble
clearly
vintage
lease
seminar
substance
cancel
adapter
generate
strip
bonus
frequently
reform
tip
advisor
ratio
negative
eligible
whatever
math
intelligence
checkout
junior
exactly
nearly
handling
applicant
extreme
mechanism
circle
interaction
shift
anime
plug
plain
solve
residential
treat
seed
burn
academy
sky
matrix
principal
identity
consideration
compatible
genre
fruit
rural
repeat
null
audit
recreation
strategic
certification
spam
economics
landscape
deposit
apartment
tank
comfort
gb
peak
debate
exclusive
rare
honor
rain
perspective
chairman
lib
prescription
decide
infrastructure
manner
beta
paragraph
matter
lane
exposure
pub
toll
experiment
holder
gratis
gender
ticket
wrap
legislation
biography
dish
bell
jazz
toward
philosophy
lingerie
gate
won
slightly
ultimate
conversion
maker
postal
interior
yard
dual
episode
proof
extend
static
factory
tea
accuracy
shower
oz
specify
hip
soil
moon
array
mg
guard
cape
highway
audience
novel
famous
violence
preparation
admission
permanent
agriculture
assess
folk
conclusion
practical
realize
tower
configure
originally
keyboard
salt
producer
provision
regulation
secondary
entity
nutrition
turkey
bottle
wonderful
neighborhood
majority
tournament
proceed
cream
prevention
commitment
instant
presence
automatic
whom
soccer
calculator
tune
serial
resume
decrease
lift
specialty
healthcare
participation
crack
pad
coat
ideal
broad
removal
actor
threat
toy
twin
ahead
voyeur
utility
ink
spy
delta
attachment
tube
despite
buddy
proper
contemporary
blonde
cartridge
alpha
exit
chamber
percentage
loop
collect
dinner
inspection
nurse
empty
previously
bureau
trademark
pilot
hey
accident
building
customize
miller
adobe
exhibit
kiss
router
ram
sharp
luxury
advisory
introduce
hate
verify
plot
salary
nearby
villa
annotation
gambling
complaint
outdoors
jacket
certainly
muscle
outlet
indeed
bass
examination
virgin
reaction
ignore
province
notification
printer
exception
exceed
storm
backup
mostly
noise
relief
evil
agenda
bowl
optical
curriculum
transmission
scope
algorithm
broker
feeling
equivalent
reasonable
chocolate
width
broadband
combine
importance
marketplace
onto
compact
encyclopedia
demo
terminal
webmaster
recipe
sentence
constant
diff
tennis
bone
formula
charter
generic
rapid
mill
specifically
yeah
lifestyle
converter
conservation
lecture
climate
evolution
obligation
camcorder
usage
oak
mod
discovery
modify
taste
census
wash
bathroom
gnu
prince
visa
appendix
transit
hop
exam
lamp
crew
aware
puzzle
alliance
sum
roger
banner
wet
shell
alcohol
legend
estimate
organic
eagle
euro
interracial
competitive
shock
poetry
supplier
pipe
pan
representation
raw
extent
glossary
possibility
accordance
inventory
controller
accurate
plane
convert
announce
playstation
instruction
concentration
split
assignment
husband
efficiency
compensation
transition
mouth
catalogue
worry
governor
fox
mathematics
lie
dean
explorer
outline
smile
aircraft
innovation
bulletin
logic
heritage
kid
builder
comedy
consultation
mesh
coordinate
florist
prize
immediate
agricultural
reverse
meal
acquisition
strange
institution
dealer
rear
analyst
cluster
yield
classroom
totally
doubt
inquiry
setup
proceeding
identification
chemistry
moderator
utc
pregnancy
butt
extremely
holy
crash
matt
console
charm
anyway
skill
psychology
peer
witness
anywhere
sugar
ancient
breed
commit
wildlife
elementary
giant
angle
packet
unlimited
hardcover
egg
empire
guidance
costa
printable
enforcement
medication
alarm
appointment
elect
drum
belt
venue
hero
liquid
exhibition
donate
kick
fiscal
infection
cotton
crazy
pure
clinic
pen
violation
graph
retirement
vitamin
thumbnail
gap
hell
requirement
biology
dental
argue
ref
clearance
leisure
mystery
fabric
beer
kernel
historic
appreciate
upcoming
instructor
echo
exact
destroy
efficient
linear
chicken
mention
rack
shadow
narrow
scholarship
sin
cabinet
execution
consent
ear
champion
confidence
pearl
avatar
cry
difficulty
pee
monster
drama
messenger
eliminate
neither
championship
translate
micro
offline
consistent
gray
boundary
bright
gateway
prefer
merchandise
babe
recognize
equation
objective
laugh
investigate
supreme
formal
classification
craft
journey
dragon
potter
relation
recognition
milk
prayer
democratic
parameter
hockey
segment
belong
cake
navy
lunch
mile
heaven
commissioner
universe
jet
smooth
decline
expansion
decade
rely
dose
wage
regulatory
tend
transaction
sensor
pulse
sand
memorial
venture
bang
scanner
fold
subscriber
ultra
continuous
disaster
labour
spell
occasion
rail
flood
dear
mistake
escape
truly
ace
extensive
affordable
insight
settlement
char
arrive
outstanding
ha
liberal
crisis
polish
sterling
blind
premier
deck
contrast
constitution
motorcycle
ban
extract
receiver
finder
illegal
modem
tradition
retain
crop
simulation
rice
animation
tomorrow
behalf
gourmet
republican
democracy
reservation
properly
fundamental
newly
fig
penalty
downtown
appearance
grid
analyze
occupation
cinema
restore
castle
imagine
belief
celebrate
roof
favor
romance
rush
suitable
absolutely
modification
cloud
arrival
tiger
finding
sing
registry
enemy
vat
temporary
tonight
piano
sir
typical
intellectual
dependent
significantly
revolution
sufficient
murder
dial
fellow
refine
hurricane
stretch
awareness
senator
communicate
blank
smoke
contribution
resistance
spyware
phrase
solar
wake
variation
spin
struggle
reliable
residence
instrument
northwest
unable
density
spectrum
biological
liberty
superior
sight
recall
reward
visitor
vector
plasma
forth
wow
anniversary
passenger
recipient
dont
tourist
metro
curve
reporter
spiritual
expenditure
bit
pregnant
twice
photographer
uniform
crown
cellular
outlook
trace
attitude
normally
charger
explanation
refund
parallel
diabetes
tissue
meat
compound
ml
incident
satisfaction
container
carbon
flexible
numerous
relatively
nick
infant
completion
float
candle
consolidation
pleasure
costume
cosmetic
preserve
surf
hook
mall
distributor
comfortable
magnetic
ton
exclude
stable
effectively
diary
massive
afternoon
pour
layout
poverty
receipt
establishment
tight
conversation
warehouse
experimental
rat
mechanical
earnings
cooperation
slip
collaboration
suffer
interpretation
jay
knife
formation
pioneer
toe
determination
cafe
mineral
suspect
concrete
diversity
blogger
discipline
pension
adjustment
hairy
captain
highlight
foster
mask
knight
conservative
drill
accessibility
connector
sensitive
spray
rob
fiber
penis
massage
adoption
technique
orgy
prison
swing
charity
grey
leg
dispute
bold
bomb
grace
specification
thin
garage
accessible
accessory
resident
quiz
possibly
composition
typically
consumption
neck
busy
franchise
duration
ownership
cute
relax
found
recover
collector
consultant
lion
desert
routine
lounge
reveal
escort
legislative
gang
judgment
achievement
temple
para
bio
molecular
invite
pharmaceutical
seeker
facilitate
buffalo
stereo
sustainable
statistical
bankruptcy
bulk
pipeline
commentary
comply
generator
humor
severe
von
mate
voltage
lesson
asset
ag
ground
guardian
tan
semester
stainless
coordinator
deluxe
victory
brochure
tablet
projector
successfully
bend
pursuant
valuable
recruitment
primarily
recommendation
rubber
robot
slut
amp
cheese
python
quiet
expensive
terrorist
diagnosis
expertise
survive
horror
detection
vibrator
pot
rescue
optimization
jewellery
welfare
eventually
transform
innovative
excess
bracelet
tire
minority
hurt
joy
ghost
era
crowd
tiny
glance
encounter
compete
disclosure
danger
calculation
erotic
locate
navigate
oracle
facial
supervisor
rod
clause
forever
fantastic
proud
gross
boost
placement
utilize
par
operational
handbook
shoulder
vinyl
statute
er
discharge
fetish
ridge
intervention
qualify
aviation
rep
strap
brush
jr
subsection
stack
bestiality
biz
pine
defendant
devil
usual
shore
valve
nail
blackjack
mad
ongoing
blade
publish
clone
reliability
dangerous
citation
alter
divorce
luck
unfortunately
grill
respectively
motel
parliament
dad
blend
semi
beast
postage
ward
shoe
undergraduate
engage
productivity
comic
assure
underground
carefully
fault
pace
deadline
principle
talent
globe
digest
probe
differ
combat
tall
till
pat
grove
sleeve
weak
vessel
brake
adopt
apart
workplace
cottage
prompt
illustration
familiar
vertical
bean
dirty
refinance
strongly
absolute
bidder
wolf
capable
fluid
substitute
ethnic
referral
summit
walker
stroke
scenario
boss
terrorism
progressive
mainly
trap
sick
sink
municipal
jurisdiction
integrate
citizen
skirt
acknowledge
structural
tough
carpet
anytime
portrait
pound
trend
planner
bi
architect
twist
attract
trim
hunt
ease
dust
busty
purple
alive
assumption
singer
automobile
genetic
vocal
strengthen
socket
arcade
hood
mph
existence
vacuum
baker
mayor
syntax
solo
tropical
antenna
nationwide
definitely
wizard
immigration
mutual
hack
sierra
quest
habitat
def
fraud
necessarily
depression
everyday
projection
apparently
popularity
ethernet
dozen
satisfy
headset
absence
firewall
interval
visible
ya
invest
mat
obviously
moderate
sue
mercury
perfume
arise
privilege
reproduction
throat
shake
excerpt
radar
beam
palace
organize
somewhat
emphasis
substantial
princess
enhancement
slave
impossible
arena
dodge
stem
tee
obvious
inter
pottery
okay
teenage
platinum
watt
illness
expense
modeling
inform
atmosphere
jam
alternate
memorabilia
pitch
shield
strain
bread
behaviour
trainer
electricity
compilation
harbor
thick
flame
declaration
aspect
awesome
pizza
screw
candy
federation
hist
consult
torture
passion
tile
prospect
advocate
involvement
incorporate
pursue
shoot
deputy
worship
supplement
probability
petition
eligibility
booty
hub
alien
excel
chase
subsequent
arch
viewer
radiation
licence
shade
grain
moral
pride
arrow
cord
adequate
shit
receptor
powder
hence
tap
entirely
rider
cure
ion
syndrome
diagnostic
closely
seriously
soap
pollution
leaf
pointer
remind
hazard
personality
chest
elsewhere
effectiveness
abroad
urge
ebony
tail
lifetime
grab
hybrid
relate
vista
spare
tribe
partial
beverage
farmer
yoga
whereas
glad
copper
everybody
succeed
treasure
sublime
defend
ordinary
acceptable
reception
margin
nobody
plaza
nova
romantic
wise
stability
southwest
axis
cherry
sole
grass
institutional
stupid
thermal
metabolism
independence
warrant
harvest
fragrance
cloudy
surround
diagram
personally
acrobat
plenty
excellence
brass
cheat
departure
lucky
wealth
somewhere
allocation
survival
den
clerk
acquire
binary
warrior
celebration
attendance
trans
offset
whenever
resolve
duke
necklace
athletic
integer
lovely
founder
monkey
casual
methodology
vital
rebate
nest
telling
steam
fairly
coastal
intelligent
rick
regardless
aluminum
approve
loose
deserve
transformation
advise
latter
intermediate
suspension
mint
debug
stamp
bookstore
defence
bra
lite
steer
announcement
observer
outcome
passage
damn
triple
cassette
jerry
gulf
clay
indoor
shut
cite
organ
regularly
transcript
bat
funeral
cooling
killer
opt
shopper
entrance
bull
partly
steal
legacy
construct
concentrate
telecom
span
invitation
ceramic
tobacco
orientation
noble
creator
stud
pepper
marker
execute
rose
governance
defeat
chronic
bachelor
trek
pole
distribute
preliminary
glory
elite
bikini
geography
optimize
arc
ourselves
bow
wooden
analog
cigarette
adjust
gonna
bishop
precision
silk
gospel
afford
capability
reflection
herself
sad
soundtrack
diesel
diverse
salon
compile
nylon
remedy
ah
discrimination
rehabilitation
atlas
acoustic
railway
protest
oven
assurance
shelter
macro
ho
saver
blvd
rev
mood
engagement
correctly
sauce
photograph
marc
overnight
theft
pray
drag
integrity
buck
dimension
crap
paradise
fence
detect
tender
widely
lat
genuine
cemetery
functionality
refuse
emotional
isle
pendant
bandwidth
versus
lung
coalition
geographic
juice
migration
negotiate
profession
promotional
disorder
dawn
blast
machinery
jimmy
dig
reed
authentication
vulnerability
specialist
observe
proportion
bicycle
correction
slowly
rugby
gnome
demonstration
admit
cal
propose
rip
ta
unlike
technician
regime
cooper
pi
praise
quarterly
punk
convenience
enrollment
pill
sunset
continental
scroll
herald
directive
rpm
dialogue
flexibility
dive
silent
skate
childhood
prediction
lottery
bundle
convenient
soup
fake
pal
wisdom
gauge
literary
reset
knee
threshold
diameter
corn
meta
payday
injection
starter
donor
mold
quit
highland
restoration
impression
bias
investigator
sur
automation
harm
trunk
cooperative
bibliography
median
robin
confirmation
suppose
orchestra
intro
detector
zoo
ceiling
athletics
beaver
southeast
opposite
destruction
corp
fool
collective
sh
constitute
cow
bubble
decor
unusual
horny
spouse
commodity
increasingly
subsidiary
basically
conventional
piss
toilet
pierce
renew
fortune
canyon
terror
pie
herein
occupational
programmer
judicial
dump
fame
horn
opposition
duck
criticism
tunnel
genetics
shipment
rough
manufacture
artwork
basin
besides
township
pond
collapse
quantum
parish
grip
observation
rabbit
deny
doll
disposal
thesis
entrepreneur
anchor
yr
documentary
inkjet
knit
verification
corps
coal
aside
literacy
pose
liable
assault
withdraw
carol
layer
merge
relay
shine
tin
odd
proxy
juvenile
composer
tit
texture
rainbow
perception
stadium
fork
employ
redeem
fry
attraction
bore
blame
cricket
balloon
nose
involve
chef
ash
weird
vast
rapidly
scout
disclose
metropolitan
interact
condo
intent
exploit
sigma
showcase
exploration
combo
tenant
benchmark
textile
membrane
ceremony
attractive
aggregate
electron
recording
bee
victim
semiconductor
beef
careful
fleet
commander
bite
intention
mentor
spider
undertake
sword
gel
treaty
burden
moreover
amend
tongue
suicide
minimal
essay
polyphonic
adjustable
thou
conclude
gym
ranch
fisher
tear
threesome
composite
alphabetical
camel
rally
bride
handheld
tracker
complexity
fare
midnight
voluntary
greatly
partition
compatibility
commonly
pleasant
syndicate
exhaust
roommate
toner
scratch
grocery
potato
largely
rap
cad
snap
inspector
sampling
dam
flavor
oxygen
reputation
bitch
wedding
lawn
suddenly
cookie
merely
magnet
arrangement
cowboy
swap
tattoo
furthermore
pit
bench
jury
ranking
tumor
invoice
puppy
roulette
possess
nomination
justify
depend
ruby
minimize
medicare
workforce
spotlight
payable
ferry
opponent
delight
tent
renewal
salad
shelf
floral
pig
runner
weigh
legislature
commonwealth
incredible
cabin
haven
donation
hormone
slim
bunch
inclusion
accent
fellowship
ghz
organizational
canvas
amber
adverse
everywhere
acute
somebody
digit
verse
envelope
chi
honest
hazardous
tub
housewares
reload
resistant
lean
antibody
locator
courtesy
attach
drain
symposium
fusion
fulfill
phenomenon
companion
grave
survivor
wrestling
coin
photoshop
possession
retrieve
mathematical
logical
authorization
medal
butterfly
frequent
offense
alias
horizon
confidential
statutory
align
northeast
metric
painting
assign
bullet
cloth
testimony
fa
deployment
termination
hawk
neutral
flip
protective
slope
afraid
royalty
initially
indicator
queue
cave
priest
geek
sunglasses
preference
heel
compression
separation
railroad
flu
coupon
reject
activation
ribbon
astronomy
complain
litigation
paste
spice
bracket
abortion
amplifier
mixture
comp
burner
poet
spectacular
seasonal
junction
constitutional
mobility
perfectly
borrow
instantly
gen
horizontal
gem
unlock
breath
volt
ordinance
galaxy
olive
informational
ethical
friendship
organizer
coordination
pickup
prospective
freeze
ultimately
predict
procurement
equally
artificial
intend
turner
herbal
arrest
guilty
passport
smell
scream
naturally
strand
underwear
overcome
cod
rocket
joke
violent
honey
potentially
mag
inclusive
dimensional
considerable
compiler
byte
latex
surgeon
anymore
holding
sender
bronze
rebuild
bust
quilt
pantyhose
snowboard
cookbook
therapeutic
airfare
mart
velocity
sculpture
addiction
constantly
nursery
microwave
presidential
rocky
dock
thru
vaccine
loud
divide
lobby
frog
silence
hospitality
anybody
untitled
prerequisite
enforce
plaintiff
surveillance
theoretical
civilian
genealogy
tray
exotic
omega
optimal
distinct
brilliant
arrange
brick
enzyme
myth
knock
hopefully
helmet
raid
accommodate
snake
macintosh
civic
correspondence
turbo
dialog
punch
thereof
pillow
rebel
consist
intensity
dale
repository
traveller
comparative
reunion
authentic
wanna
architectural
rim
invention
dare
closure
virtually
maple
tale
depot
formerly
deviant
strictly
psychological
mason
slice
emphasize
tutor
elegant
connectivity
microphone
correlation
soldier
illustrate
depart
allergy
similarly
backpack
deer
solely
radical
cab
reminder
cargo
collaborative
prototype
chuck
declare
cancellation
mandate
demographic
cylinder
rover
suggestion
yacht
uncertainty
intensive
thy
spark
collar
worm
fragment
sensitivity
blanket
ye
bowling
significance
tri
syndication
cedar
anxiety
um
drawing
atomic
approx
duplicate
supervision
ted
foam
performer
noon
tuition
sweep
dividend
sandy
imperial
disagree
mandatory
rope
disable
crucial
adjacent
indication
lemon
merit
offensive
notion
salmon
mess
surgical
calm
boob
glen
ejaculation
yo
swim
lotus
biotechnology
soviet
brunette
daddy
bless
luggage
pledge
bolt
actress
toxic
dl
weapon
boom
squad
honour
exempt
stimulate
stylish
divine
autumn
reel
miniature
victor
offshore
retailer
spec
alt
occasionally
jail
emission
fountain
realty
apparent
instructional
outreach
graduation
poison
gig
integral
parade
exterior
roller
shed
canal
excuse
people
fraction
sandwich
fancy
chrome
timely
bingo
refresh
relocation
leak
baseline
sunny
cox
explicit
cuisine
radius
sept
jar
cube
exemption
translator
exceptional
whilst
spatial
unto
coral
snapshot
precious
annually
chapel
lawsuit
synthesis
heater
forest
mug
replica
unavailable
footwear
withdrawal
theorem
advocacy
prairie
essentially
retreat
compromise
adaptor
interim
taxi
barrel
laundry
vic
bare
preservation
berry
synopsis
surname
reprint
nickname
millennium
melt
appraisal
prep
technological
flyer
remix
ecology
treasury
inspiration
wellness
calcium
onion
pathway
angry
stake
oasis
differential
tension
locally
registrar
annex
desperate
governmental
mega
municipality
sailing
tribute
dip
sacred
internship
lambda
badge
decoration
booth
heather
retention
workstation
undefined
unemployment
cyber
petroleum
shuttle
silicon
homework
identical
lace
strict
lover
eclipse
mu
shark
ripe
bead
rhythm
adolescent
rent
provincial
separately
physiology
triangle
towel
participant
cardinal
recreational
sacrifice
sunshine
josh
batch
accountability
penny
somehow
diploma
encryption
gal
affiliation
embassy
merger
stylus
advertiser
slight
filling
downloadable
stitch
mortality
trick
dash
intake
toddler
owe
equality
tier
pope
complement
needle
terrace
darkness
dairy
wallet
stocking
respondent
debut
nerve
forge
embrace
appliance
univ
impose
timber
enlargement
anger
impressive
sheep
accordingly
courier
maximize
guild
fever
discretion
tackle
newbie
interpret
poem
jeep
cage
allowance
unsigned
tariff
veteran
gather
gentleman
sage
realistic
bind
absent
cant
shout
conjunction
chill
nuke
congressional
tribune
hardly
advert
buzz
contrary
photographic
earthquake
invalid
pixel
jewel
validation
polo
pest
witch
wheat
rage
corruption
additionally
kidney
nonprofit
circular
therapist
wax
undergo
martial
ballot
unity
payroll
climb
deviation
chaos
reading
roster
decorative
genome
bounce
lap
neighbor
nudist
uncle
cheque
authorize
auditor
mono
hose
belly
aye
indigenous
grammar
clarify
questionnaire
startup
cholesterol
tide
cope
thee
folder
dramatic
terrible
innocent
curious
butler
scientist
bloom
arthritis
nevertheless
fist
taxation
inflation
whale
subdivision
locale
surely
flush
bridal
freight
topless
reasonably
harmony
cattle
stir
controlling
monetary
elderly
pathology
premiere
swallow
extraordinary
exclusively
tolerance
parcel
limitation
scatter
sprint
deficit
warning
nu
marina
mainstream
tribal
sponsorship
sofa
motivation
geometry
norm
fairy
actively
wound
ciao
chem
taxpayer
unlikely
steady
penguin
coefficient
oppose
brave
circulation
techno
humidity
immune
traveler
recruit
forestry
rarely
clan
offering
barrier
incorrect
narrative
furnishings
reside
caution
thereby
fade
particle
lip
strive
dm
harbour
renaissance
donna
breach
enclosure
expo
restrict
dye
reef
phi
chess
curtain
token
marble
dolphin
ant
amino
alignment
analytical
validate
transmit
interrupt
insist
approximate
hypothesis
miracle
hobby
patio
consortium
colony
cognitive
helicopter
distinction
enquiry
subcommittee
regulator
intense
librarian
playlist
valuation
elephant
supporter
cliff
dirt
assert
sail
publicly
hourly
patriot
linen
ala
veterinary
pencil
dancer
adviser
informal
relevance
incentive
ping
heavily
gallon
crush
porcelain
swinger
rid
header
numerical
spirituality
ecosystem
servant
latitude
sap
dessert
frontier
sodium
fate
missile
meanwhile
proprietary
timothy
inquire
naval
mixer
medieval
shaft
decent
essence
shortly
inspire
schema
consensus
journalism
valium
cordless
rotation
prefix
conviction
pile
rant
deed
retro
statewide
memo
telescope
conform
mainland
handy
happiness
substantially
jaguar
invasion
punishment
bizarre
identifier
thriller
colonial
lamb
patrol
tuner
gorgeous
realm
oriental
freelance
confusion
nervous
vault
col
transcription
regulate
addict
superb
transparent
purse
doom
trinity
promo
turtle
cease
continent
freak
forbid
counselor
inappropriate
levy
hydrogen
vocational
nasty
girlfriend
disco
alloy
remark
transsexual
fin
resist
asthma
frost
developmental
thesaurus
bound
refrigerator
surplus
parse
algebra
breakdown
ugly
lower
trash
neglect
checklist
armor
symphony
whip
violate
toolbox
durable
comparable
chick
meditation
wool
yea
thong
spike
orgasm
overhead
vertex
eco
glow
earl
mistress
vulnerable
washer
artistic
playboy
indie
polar
precise
respiratory
bump
seafood
volleyball
prophet
polymer
elevation
sketch
prop
demon
maternity
lightning
indirect
roast
mattress
lonely
amongst
vampire
deeply
italic
doctrine
transvestite
creativity
intersection
proposition
imagination
gag
civilization
oops
nipple
deficiency
stomach
trio
statue
fireplace
behavioral
riverside
airplane
variant
offence
karaoke
fur
hereby
dude
refill
simultaneously
racial
designation
hart
treasurer
sociology
vagina
confident
visibility
officially
burst
battlefield
mighty
cheerleader
alto
ought
delicious
borough
reconstruction
safely
finite
periodically
scooter
testament
jungle
moisture
rub
undo
rename
synthetic
explosion
occurrence
vegetable
dispatch
thumb
independently
consciousness
groove
distinguish
custody
banana
trance
serum
similarity
dependency
hay
novelty
mere
clue
ham
goat
mutation
activate
instrumental
homeland
sphere
multiply
pastor
educate
bouquet
manuscript
favour
chronicle
crest
flux
ladder
sq
sync
arctic
ambassador
beneath
tract
monument
terminate
accomplish
thunder
infrared
appreciation
oval
aggressive
leverage
swear
caption
vent
bud
chorus
dominant
headline
poly
lightweight
neo
settle
pharmacology
boulevard
gravity
leap
consistently
powerpoint
manor
administer
providence
sonic
mild
initiate
subsequently
bailey
gentle
ensemble
scam
restriction
wilderness
protector
insertion
quad
humanity
hull
genius
curse
handicap
granny
whore
lid
hierarchy
tractor
coil
rival
react
vet
partially
cn
stripe
shame
owl
revolutionary
computation
fog
aboriginal
boulder
anatomy
ivory
rifle
watershed
cocktail
clarity
exclusion
aerial
spill
orbit
barn
beneficial
stain
boutique
necessity
robust
booking
catalyst
ver
cult
zen
thrill
alpine
minus
fabulous
reservoir
individually
literally
ecological
panic
thickness
accreditation
maritime
periodic
sip
aurora
convince
ware
duo
tar
magnitude
geographical
flesh
holly
scripture
regression
eternal
enthusiast
mercy
incoming
cleaner
consultancy
spank
cushion
remarkable
fossil
productive
expose
floppy
blink
dim
compliant
rational
hotmail
legitimate
grande
isolation
carnival
worthy
surge
blackberry
sunrise
precipitation
lender
redirect
dietary
sustain
analyse
sudden
bumper
deduction
footage
lyric
pause
adhesive
renewable
inspect
silly
workout
conspiracy
foul
wit
revelation
liner
convey
wrist
greeting
render
warn
landlord
incomplete
rand
chubby
prohibit
waiver
epic
hash
rewrite
nightlife
headache
karma
excessive
naughty
bot
drawer
endorsement
unexpected
hint
characteristic
guru
vocabulary
virtue
squirt
consequently
scrap
gotta
enormous
tick
quantitative
vip
livestock
sustainability
nutritional
subtitle
freely
aquatic
timeline
landmark
deploy
sheer
readily
calibration
infinite
licensee
mil
invisible
legally
harness
satisfactory
funk
telephony
pursuit
fatal
briefly
kitty
graphical
detective
aerospace
fighter
meaningful
barely
wherever
rug
modular
democrat
scent
rehab
falcon
mustang
basement
freezer
scoop
lily
cigar
imprint
ana
pod
overlap
listener
vegetarian
peninsula
cayman
interstate
thanksgiving
idol
revenge
standing
equilibrium
cue
woodland
nickel
gore
attain
adaptation
aqua
acrylic
variance
urgent
sake
freshman
sticker
satin
eh
sailor
acre
adapt
pavilion
accord
tilt
roughly
objection
cradle
physically
denial
consecutive
banker
dome
junk
bunny
decay
garbage
franc
critique
extraction
outfit
expedition
halo
accurately
knot
nightmare
upset
slam
scenic
gazette
parliamentary
fridge
nut
incidence
theology
oxide
sweatshirt
bye
mushroom
metadata
cos
makeup
somerset
thoroughly
canoe
intimate
qualification
namely
dept
consequence
clamp
marathon
systematic
merry
tribunal
marvel
disposition
tsunami
mutant
aquarium
communist
idiot
grad
fibre
caravan
delegation
handler
reproduce
computational
greenhouse
dub
decimal
waterproof
hug
passive
reggae
sweater
wagon
interpreter
formulation
evident
cousin
sweat
wipe
painter
cumulative
crane
arbitrary
prominent
sans
titanium
sediment
superintendent
recorder
occasional
interference
booklet
citizenship
posting
hedge
idle
tragedy
flex
resin
cascade
ramp
explicitly
petite
trigger
triumph
relieve
informative
nil
scuba
shepherd
utilization
induction
estimation
dosage
courage
yeast
halt
batman
chromosome
fleece
raven
consistency
hearing
efficiently
textbook
metallic
crossword
yarn
caller
dame
peaceful
rib
corridor
trophy
supplemental
emerald
recognised
sheriff
scat
belle
corrupt
uh
grape
prix
astrology
hungry
bald
insure
talented
feather
precisely
appoint
emperor
acne
ballet
drift
apt
widespread
sapphire
disappear
shrink
optimum
pasta
handset
alike
cove
homeless
horrible
insurer
drainage
cement
collision
delegate
smash
abide
gasoline
mud
atmospheric
heath
penetration
ppm
mailbox
glue
bash
parental
transmitter
publicity
cooker
criterion
deadly
restart
dumb
momentum
footnote
picnic
vcr
rouge
keen
electro
jenny
gossip
walnut
cursor
tremendous
convertible
continuity
validity
trustee
psi
swift
postcard
melody
transparency
cathedral
copier
softball
scholar
brook
diaper
internationally
geology
torrent
carpenter
vegetation
controversy
crow
hostel
insulin
nudity
compute
mileage
specially
pale
ambient
covenant
feat
steak
being
plaque
cannon
reliance
whisper
simplify
cone
elective
infectious
prostate
behave
bypass
explosive
economist
biblical
conscious
substrate
nitrogen
saddle
referee
predator
auburn
navigator
willow
preschool
widget
differently
firewire
assay
garment
musician
override
operative
fatty
retrieval
sally
scary
tendency
terrain
charitable
remainder
opening
researcher
transplant
nominee
safeguard
prejudice
sperm
pork
violin
emerge
viral
gale
competency
realtor
pedal
champagne
chassis
stationery
pediatric
jade
redhead
subset
corpus
daisy
herb
alot
dependence
scrub
destiny
unauthorized
competent
lazy
lick
apparatus
spine
contributor
grateful
gradually
desirable
marsh
journalist
memorandum
lend
pharmacist
mime
polyester
webpage
garlic
tooth
interfere
advancement
vineyard
confront
marry
sewer
bark
turnover
ozone
contour
casa
bloody
samba
irrigation
sexuality
arbitration
redistribute
retire
cologne
inbox
focal
bibliographic
distant
hardwood
milestone
choir
bucket
magical
swan
manually
antigen
hydraulic
lance
blah
peso
casualty
appellant
yearly
numeric
manipulate
hollow
writing
characterization
yen
usher
mpg
cork
enroll
carb
rotary
importantly
rb
moss
lecturer
pretend
gage
empirical
discrete
beginner
savage
cubic
deaf
beg
kinase
ritual
distortion
rig
fuse
historian
vase
holocaust
zombie
reproductive
sticky
wade
burke
secretariat
shortage
stool
elimination
toss
jumper
marijuana
adaptive
wheelchair
convergence
phantom
constructor
humanitarian
nirvana
til
colon
malpractice
generous
madness
monk
pony
mama
primitive
cardiovascular
cardiac
salvation
jerk
elevator
umbrella
brutal
velvet
selective
zinc
removable
anthropology
kinda
funky
lotion
suburban
prosecution
clutch
booster
banquet
widow
proudly
pix
mic
pulling
obesity
closet
fracture
hike
cleanup
hepatitis
maiden
nationally
tomato
peptide
heal
imply
unwrap
sic
trauma
surrender
impairment
bacterial
continuously
strawberry
liaison
vine
substitution
painful
examiner
nowhere
residual
lime
distress
lately
vein
forgive
dense
likewise
vibration
introductory
councillor
viewpoint
gum
likelihood
wc
circus
denote
disciplinary
sympathy
affair
beside
expiration
playground
pike
hypothetical
wan
complimentary
bisexual
contamination
reimbursement
concord
unnecessary
dramatically
buffet
verb
peanut
goddess
forensic
maid
threaten
fatigue
flour
tot
conditioner
prosecutor
induce
scandal
masturbation
explode
leu
peripheral
negotiation
domino
regret
confidentiality
electoral
infringement
alternatively
hunger
dinosaur
hatch
dissertation
gently
spoon
controversial
foil
feeder
skull
peach
lone
voyage
notable
petitioner
sedan
aw
elf
defensive
accelerate
pear
acknowledgement
flasher
knob
subaru
pouch
vanilla
chancellor
cw
nucleus
practitioner
flute
securely
commence
keeper
trout
derive
din
slate
endless
conditional
arbor
simulator
bacon
hometown
exhibitor
ethnicity
patron
tote
sack
manipulation
nod
getaway
temporarily
orchid
blond
replication
endorse
tenure
boyfriend
spokesman
crib
carriage
notation
breeze
intranet
conductor
renovation
seq
relaxation
psychiatry
playback
err
persistent
absorption
helper
ruin
manifest
inventor
subtle
magnificent
spiral
colleague
promptly
courtyard
harmful
prozac
sexually
inhibit
reign
solicitor
neon
glucose
squeeze
competence
neural
compass
inequality
badly
excitement
honeymoon
keno
continually
collectible
handmade
champ
reuse
compensate
fuzzy
mailman
biodiversity
abundance
migrate
deletion
liquor
diabetic
verbal
bitter
terminology
presently
scarf
mysterious
suppress
skateboard
peel
correspondent
detention
revise
lynch
couch
brace
bluff
shallow
promoter
borrower
thereafter
erotica
temporal
sanctuary
maturity
rave
defect
qt
awful
coupe
defender
asbestos
crude
costly
harassment
spreadsheet
longitude
aunt
lea
asterisk
thorough
inexpensive
bakery
certify
creature
ours
aluminium
webcast
evanescence
cheer
debit
pyramid
mambo
designate
legendary
asylum
intern
beautifully
hygiene
illusion
myrtle
poultry
immunology
departmental
cooperate
sauna
embroidery
groundwater
sigh
insulation
streamline
collaborate
prisoner
linkage
accession
gown
pier
cert
sufficiently
iris
altitude
conceptual
peg
severity
loyalty
hl
overflow
artery
waist
instrumentation
elk
balcony
breathe
congregation
alley
locker
constraint
cruiser
paradigm
ranger
dominate
gut
plantation
rogue
theta
subjective
goose
judiciary
alphabet
dishwasher
faint
boxer
splash
countryside
stoke
warfare
inland
granite
nonfiction
discourse
racism
oversight
lien
occupy
unused
dart
alcoholic
daemon
bestselling
aesthetic
garnet
feast
goodbye
curl
shooter
justification
boil
forthcoming
oversee
postgraduate
vitro
consolidate
complementary
trader
nominal
psychic
twilight
matte
incredibly
crab
psychiatric
teenager
ankle
quake
expressly
clever
distinctive
postcode
sensation
unofficial
privately
clash
stall
tripod
ginger
underwater
quartz
pirate
kindergarten
humour
nay
reactor
jaw
summarize
kitten
probable
crescent
burial
erosion
joey
hacker
supportive
aide
repeatedly
urine
athlete
dashboard
barber
disconnect
hm
khan
habit
voter
botanical
gemstone
pumpkin
imagery
stern
colorful
inadequate
toxicity
socialist
considerably
mol
cough
ambulance
rotten
lemma
popup
bulb
furnish
useless
glove
fringe
northwestern
insufficient
occupancy
fertility
incorporation
issuance
enjoyable
repayment
handbag
compressor
chili
blossom
permanently
adhere
judgement
freeman
ninja
patience
await
burger
flora
lever
purchaser
syllabus
vanity
ingredient
fetch
tactical
hardy
equip
analyzer
mansion
het
illustrator
bro
progression
beacon
wastewater
plump
viable
mosaic
anthology
neat
differentiate
poorly
erase
denim
hotline
sermon
shuffle
spacious
toast
cheek
chapman
archaeology
beloved
sometime
ballard
rem
faithful
timeout
whatsoever
auxiliary
fender
noun
lithium
lighthouse
mediation
alphabetically
allocate
orchard
chandler
fitting
backyard
trainee
haul
quotation
anticipate
quota
definitive
turbine
vascular
alongside
entertain
waterfront
delphi
emotion
timetable
slipknot
versatile
organise
profitable
blocker
aspen
derivative
laurel
resemble
newborn
plush
biker
brent
grasp
comb
evolutionary
niche
spinal
scar
telegraph
itinerary
hail
solvent
insult
biotech
unstable
psychologist
mickey
worksheet
quartet
duplex
nelly
unsecured
philosopher
appropriately
inactive
newsroom
brewer
supermarket
continuation
barcode
cola
hinge
blunt
successor
absorb
colt
lateral
curb
therein
yell
shear
rex
infinity
torch
traditionally
soy
dew
solicitation
cane
hen
limo
rotate
approximation
lacrosse
duplication
dentist
tomb
hassle
homosexual
prof
postscript
chew
unwanted
cobra
pedestrian
hurry
tailor
papa
symbolic
grief
objectionable
simplicity
shutter
shrimp
stroller
buckle
gradient
condominium
reinforce
plea
drake
semantic
dia
concurrent
globalization
paddle
pulmonary
harsh
aperture
resonance
pistol
lag
unfair
electronically
rookie
inspirational
dungeon
infantry
renowned
philosophical
vacant
gram
inherent
audition
dedication
violet
optic
selector
mum
pinnacle
overstock
lavender
insect
steep
vest
hank
ventilation
celeb
dwarf
decree
usability
wedge
isolate
daylight
pol
memorable
locus
percussion
aspire
initialize
formally
accompany
twain
squash
ile
curry
tweak
slash
rite
compartment
shy
doctoral
outbreak
fedora
elaborate
breakthrough
ruler
beck
tome
taxable
malaria
loyal
dentistry
bomber
baton
renal
esteem
spite
capita
guideline
unite
accelerator
superstore
humble
volcano
wholly
elbow
duct
accumulation
purely
mob
fisherman
whirlpool
vivid
stationary
woody
seizure
campground
streak
scoreboard
conception
kc
pogo
riot
prevalence
subunit
pentagon
honestly
salsa
upstream
cereal
auditorium
voucher
spawn
jointly
pagan
bookshop
duff
empower
reboot
rejection
erect
biochemistry
equatorial
clarification
critic
deg
grandfather
prescribe
enthusiasm
torque
loser
pitcher
visualization
odor
redesign
disturbance
epidemiology
adequately
spectral
compliment
closeout
subway
neighbourhood
amusement
biomedical
motif
colonel
conquer
chairperson
mock
followup
brokerage
hoc
wherein
elastic
hex
beard
parkway
straw
claimant
rag
domination
weakness
observatory
sac
puppet
tucker
monopoly
obsolete
trumpet
freshwater
crisp
mist
nicely
surprisingly
canton
clown
practically
vivo
molly
efficacy
brigade
redemption
fond
molecule
pillar
wreck
sore
vapor
blaze
islander
abbey
barbecue
sincerely
surveyor
dent
proximity
homemade
swell
strait
marginal
refuge
residency
topical
prestige
cocaine
schoolgirl
admire
responsive
supra
flaw
limb
mitigation
keynote
expire
unbiased
saga
coconut
supplementary
plum
beige
obscure
winery
soak
chop
hoover
muse
willie
culinary
semantics
huh
flap
scarface
accountant
boiler
annuity
propaganda
offender
coli
panorama
cruel
wheeler
literal
fiesta
acceleration
hesitate
cuff
degradation
hmm
bail
dioxide
avail
govern
diffusion
rust
stein
motive
prom
stimulation
issuer
cote
awake
concession
assertion
ticketmaster
beetle
wavelength
prohibition
feminist
coupling
contend
herd
prod
oncology
correspond
docket
suspend
sup
chin
freestyle
migrant
intuitive
rigid
soda
regiment
nucleotide
orthodox
disposable
holistic
comma
qualitative
sneak
childcare
commencement
thrust
bamboo
throne
rechargeable
refugee
chunk
marital
bait
clutter
slavery
lumber
notwithstanding
increment
feasible
credibility
notch
tease
defective
piston
invade
heap
breaker
mechanic
profound
dissemination
shareholder
provisional
cosmic
politically
lieutenant
rationale
calculus
ale
jelly
microscope
suspense
missionary
stare
phosphate
arsenal
southwestern
perfection
undermine
eager
drought
hypertension
searchable
vacancy
debtor
landfill
pupil
penetrate
upright
canopy
gland
buffer
radiator
stiff
binder
hut
restraint
historically
homo
thrive
scare
assemble
almanac
microbiology
kite
cater
replay
aux
rue
dignity
insane
weaver
proton
overtime
gill
transitional
lister
nightly
ego
inheritance
maxim
misplace
pulp
slaughter
carbohydrate
grandmother
firmly
nationality
articulate
superman
flop
carat
cellar
novice
invoke
filing
durability
coaster
apprentice
flare
furnace
sting
robe
aboard
linguistics
stimulus
roundup
baron
delicate
tor
altogether
obey
descriptive
impulse
subtotal
feasibility
comet
oblique
wardrobe
endowment
dilemma
automate
goo
snack
dinar
exploitation
ideally
activism
mythology
probation
remover
gran
rebound
presidency
reconciliation
compulsory
favorable
sovereign
lisp
rupee
activist
maintainer
suede
mould
advent
hum
mayo
cellphone
wont
silicone
initiation
rabbi
overload
supervise
fabrication
scrapbook
limousine
affirmative
spoil
lump
fortunately
exile
wealthy
damp
sour
proportional
nonetheless
mystic
expectation
severely
loft
liberation
masterpiece
greet
ancestry
luxurious
squid
indirectly
ark
variability
gardener
litre
asleep
razor
potassium
vita
accidental
abnormal
endeavor
whoever
frustration
troll
bake
preventive
diagnose
mankind
uncertain
ivy
persuade
citrus
paramount
samurai
immunity
persist
plague
sentinel
markup
glacier
tolerate
shampoo
append
congestion
outpatient
ape
ambition
economically
uncut
intact
darling
lure
onset
lightly
pavement
discourage
transient
nutrient
underway
scenery
theatrical
preferably
collateral
sadly
flock
hype
cavity
prestigious
etiquette
mosquito
diner
deposition
skeleton
drip
fertilizer
goodness
footer
autism
deli
meridian
madden
inability
cor
coronary
consume
enjoyment
vaginal
cohort
inevitable
creep
trilogy
fingerprint
porch
lipid
thigh
interdisciplinary
sequel
abandon
chic
jacuzzi
grease
taxonomy
puma
proliferation
shutdown
sentiment
autonomous
appropriation
randomly
interchange
theological
displacement
quietly
coca
brightness
depreciation
juicy
bollywood
mentally
gesture
learner
photon
noisy
blur
warp
glitter
usenet
panda
embryo
hardback
zipper
topology
prophecy
inlet
trolley
propagation
bout
technically
interconnect
sock
deductible
gaze
amplitude
rainfall
straightforward
simultaneous
evolve
pornography
debris
orphan
handsome
parrot
precursor
vibrant
lit
rude
customization
lively
nip
symmetry
vicinity
purification
crawl
gloss
organism
groom
thyroid
symptom
laughter
ignorance
polynomial
cur
disseminate
moody
dysfunction
conscience
humiliation
charcoal
southeastern
horoscope
invasive
prosperity
lantern
rodeo
inconsistent
seemingly
epidemic
espresso
passionate
chloride
backward
combustion
apologize
weld
diva
bilateral
piper
slap
ghetto
dictate
bladder
terra
ignition
revival
ticker
beware
aloud
glorious
dynasty
parole
blender
foreclosure
coke
prevail
fn
prey
trump
movable
garner
grin
verdict
homeowner
vale
geometric
subsystem
submarine
intrusion
greenwood
hydro
nonlinear
batter
radioactive
whistle
complainant
mania
kayak
lam
ideology
misuse
hostile
tasty
chalet
voyager
spit
flashlight
bliss
tuck
carrot
reflective
outerwear
stance
grandma
switchboard
carcinoma
rugged
practise
superstar
downstream
petrol
midway
replicate
dealership
ax
slayer
solitaire
recognise
radiology
swivel
diplomatic
linguistic
internally
planetary
tungsten
contingency
appetite
fluorescent
influenza
compose
flick
discography
creed
transporter
cavalier
inference
excite
meaning
refusal
unemployed
heavenly
grievance
electrode
faucet
racist
willingness
implicit
patriotic
terrific
laguna
definite
flavour
reviewer
bastard
differentiation
whereby
entitlement
jigsaw
waterfall
capitalism
monogram
tow
leukemia
oyster
millionaire
hitch
educator
premature
visually
immigrant
alright
fury
bother
pooh
pesticide
sophomore
asshole
guilt
avid
inflammatory
chemotherapy
cookware
autobiography
tempo
scrutiny
regeneration
lunar
environmentally
nonsense
ore
lattice
ripper
dispenser
motivate
toggle
swamp
mare
ultrasound
sausage
boo
payout
anthem
bury
grinder
livejournal
proficiency
regency
pant
tarot
synchronization
clerical
mitigate
moose
paw
heck
corrosion
influential
rectangular
horde
positively
legion
wee
sorrow
chap
vac
rhapsody
majesty
meantime
mercer
apex
ness
redundant
midland
offspring
stark
informatics
biscuit
vaccination
cocoa
volatile
solicit
tulip
lynx
maternal
specimen
seamless
panther
affinity
evergreen
gamble
meadow
localization
tapestry
dull
panty
goodman
manifold
lac
handful
beneficiary
outlaw
solder
crate
dismiss
fidelity
sidewalk
thunderbird
lust
emergence
pigeon
stunt
crimson
compassion
garland
recap
almond
diversion
extensively
attic
syrup
imp
gadget
behold
dong
teaspoon
glimpse
jockey
trivial
deco
sensible
unlawful
accountable
battalion
procedural
delightful
todo
simulate
zodiac
ay
pediatrics
bilingual
sushi
puffy
lobster
heading
claw
roar
ridiculous
suppression
wildcat
spacecraft
scholarly
spectator
concerto
circa
treadmill
surrounding
attendant
uranium
temper
mortal
hale
laminate
systemic
flea
readiness
secular
tout
apostle
converge
fishery
chateau
homestead
outdated
temptation
pewter
notably
nanny
showroom
secondly
ohm
cerebral
kennel
realization
precinct
backwards
telecommunication
nightclub
gravel
presumably
coating
eureka
constructive
preparedness
abundant
specialize
baptism
hound
corpse
preteen
realise
conveniently
indigo
gov
armour
stealth
subclass
unfortunate
inhibition
collegiate
runway
prospectus
nominate
tornado
traverse
morale
pertinent
descent
lifelong
commute
shaker
wander
remotely
characterize
concise
wretch
sergeant
percentile
implant
ole
constituency
hilarious
pseudo
tighten
nan
brew
elegance
sensory
magnesium
broaden
socially
territorial
iteration
stab
brit
alkaline
ditch
directorate
och
midst
methyl
sickness
seam
skinny
competitor
songwriter
encompass
rainy
gee
elm
morality
usable
decoder
taboo
readable
glide
polling
stub
blazer
continuum
workload
speculation
confess
statistically
messy
erection
hummer
appraiser
badger
chestnut
wrinkle
discriminate
noel
perceive
sanction
vibe
premise
negligence
unclear
aromatherapy
rancho
intervene
finalize
flint
airborne
honorable
sewage
lifecycle
dominion
mack
snoop
hallmark
shortcut
choke
sunlight
endure
hog
profitability
globally
inflatable
bearing
lame
tumble
resurrection
eternity
fiat
facilitator
ballroom
utter
tightly
mute
transplantation
compost
inverse
tack
underneath
metabolic
whistler
leaflet
capsule
mailer
plead
encore
lineup
jackpot
dislike
kinky
kindly
cutie
dissent
weekday
capacitor
clipboard
attainment
snatch
lieu
jumbo
veil
columnist
throughput
tuberculosis
referendum
sonata
daytime
ambitious
loom
notorious
ibid
residue
sequential
uniquely
archaeological
nap
rectangle
thrice
resale
emulator
musing
filler
amnesty
blueprint
ringer
gymnastics
titanic
exquisite
massacre
herpes
upward
contractual
unchanged
hatred
squadron
ounce
ally
suspicion
tragic
guidebook
mommy
enquire
rhetoric
irrelevant
professionally
guitarist
incense
barker
happily
testify
shiny
mound
khz
mutually
drummer
buff
incidental
enamel
exodus
gemini
presbyterian
supervisory
disrupt
chiropractic
synergy
placebo
donkey
fairness
octet
discreet
versa
recess
reciprocal
whichever
hostage
attribution
disruption
unspecified
unreal
physiological
unprecedented
dummy
financially
sanitation
nurture
ornament
cleanliness
thermometer
kung
varsity
crank
collectively
capitalist
pep
roach
solidarity
holt
marlin
pilgrim
squirrel
crochet
allegedly
congressman
incubus
puff
corvette
lad
wrench
footprint
contingent
coop
irregular
candid
coherent
majestic
tester
inhibitor
knowledgeable
critically
carte
spicy
neutron
felony
chant
putative
cypress
slack
petty
admiral
hyperlink
encouragement
barb
evangelical
helix
scalar
turf
unsure
destructive
peek
ample
countless
abusive
stranger
glamour
neuroscience
berg
abdominal
blaster
hanger
shave
frankly
chronological
entrepreneurship
dispose
oath
zebra
crossover
economical
asphalt
immunization
pundit
chemist
tavern
woo
competitiveness
microscopy
assortment
hyper
savvy
equestrian
instinct
tangible
welch
veterinarian
bowel
dime
lotto
reactive
monarch
chord
axle
weed
lizard
saloon
faux
kettle
farewell
serenity
salvage
incumbent
sanitary
probate
soybean
fortunate
lagoon
dismissal
workbook
analogue
urinary
prima
cinnamon
corrective
rad
underworld
fetal
quantify
billboard
metaphor
reportedly
countdown
prose
tiff
vous
improper
coyote
moor
relocate
sew
facsimile
plunge
filtration
teaching
friction
affirm
dope
warmth
curiosity
hospice
nanotechnology
astronomical
backbone
photocopy
predicate
encode
commercially
annotate
completeness
hymn
realised
latency
singular
jukebox
incremental
unacceptable
rot
succession
avalanche
terrestrial
scalable
intra
spontaneous
glossy
dough
vanguard
wetland
malicious
someday
spear
predecessor
bur
exporter
honesty
diagonal
instability
northeastern
multicultural
dataset
ledger
stellar
davenport
gasket
maverick
relational
snowmobile
queer
refrigeration
purifier
natl
imperative
brewery
mule
checksum
birch
formulate
haired
directional
cyclone
lethal
biographical
inflammation
bib
jug
spectroscopy
militant
townhouse
moan
slab
rosemary
maroon
abstraction
turquoise
archival
coincide
seismic
liar
baccarat
paperwork
vie
suburb
requisite
intercept
purity
hotspot
rigorous
poke
aftermath
demolition
clarion
repeal
axe
deb
enthusiastic
wink
rumor
natal
pasture
sidebar
evening
factual
subordinate
inconvenience
revive
unregistered
payload
standby
prone
prism
coarse
orient
equitable
dwell
perennial
canary
bookshelf
amid
micron
pimp
proactive
uncomfortable
spur
goodwill
worthwhile
anxious
imprisonment
pastry
cervical
cutlery
trench
seminary
devotion
refinement
orbital
yep
reclaim
harp
flirt
toaster
suspicious
converse
pickle
bleed
kris
thief
cactus
sponge
feminine
pigment
tuna
pastoral
contradiction
regain
nautical
installment
hind
splice
subtract
modulation
diminish
interruption
muscular
altar
unisex
chopper
identifiable
stag
digestive
ethanol
abort
antioxidant
cannabis
dynamically
outsource
giveaway
comprise
harmonic
tort
hep
typo
thug
enrichment
disregard
unpaid
arithmetic
mustard
transistor
locality
soprano
substantive
broadly
augmentation
ethereal
aero
smoothly
faction
etiology
swimsuit
dispersion
corona
blanc
autonomy
diode
manifestation
shack
repay
fulfillment
biomass
unresolved
sesame
businessman
punish
speedway
electromagnetic
obsession
housewife
scarlet
depict
marshal
cranberry
reckon
lei
unrelated
condemn
radial
upside
cosmos
dixie
endeavour
hierarchical
slogan
rhino
specificity
veronica
scramble
affection
incur
allergic
overland
unanimously
popcorn
comprehension
fraternity
schematic
uncommon
dread
subgroup
sovereignty
endpoint
unpublished
embark
enlightenment
conquest
renter
stride
genetically
supposedly
fable
chimney
saw
communion
jabber
yay
captive
pity
videotape
recruiter
preach
helm
lug
fortress
cashier
diffuse
genomic
archery
qualifier
sabbath
vegan
emit
carton
avian
mole
shire
paradox
estrogen
palette
quark
lymphoma
flee
amortization
bleach
sect
discard
staple
hopper
foundry
credible
sportswear
deliberately
openly
certainty
astro
sparkling
robbery
roadway
genocide
binding
artisan
freeway
latch
craftsman
riddle
instruct
neurology
duel
resign
commodore
classify
fragile
sapiens
boycott
sling
challenger
alteration
supper
graft
rotor
centennial
eddy
bluegrass
pinch
accumulate
hazel
sleek
reissue
rash
bravo
rehearsal
martini
vague
hemisphere
redevelopment
cornerstone
resignation
nib
gala
aerosol
tense
subsidy
sulfate
empowerment
comforter
slick
chalk
gypsy
ballad
acupuncture
nestle
aggregation
duly
checkpoint
grassroots
mast
mick
crust
surcharge
driveway
envision
cadet
deem
excavation
intercourse
emblem
routinely
coed
managerial
plateau
kappa
reflex
redwood
ontology
humorous
sow
investigative
morrow
quasi
energetic
moonlight
mosque
emulation
disappointment
chandelier
tango
weave
stray
motivational
touchdown
longitudinal
speedy
grind
shin
grizzly
optimistic
seldom
perimeter
sunflower
mower
awhile
gull
pedigree
decomposition
skyline
epilepsy
rusty
longhorn
pharma
quarry
bootstrap
magistrate
shrine
recycle
multinational
harmless
resistor
aroma
redistribution
runoff
trivium
cougar
persistence
precedent
analogy
gigabyte
blessing
subcontractor
intrinsic
ox
thoughtful
raptor
cot
electrician
posture
dryer
calf
specialization
migraine
maze
tau
lineage
contra
marrow
lengthy
rinse
redefine
unhappy
impress
tally
grim
mandarin
mash
shotgun
peep
opal
assessor
reversal
subpart
transformer
preclude
fierce
envy
magnum
seize
situ
osteoporosis
pup
keystone
successive
illumination
deliberate
lira
conformity
suffix
embodiment
nexus
foremost
limp
mahogany
shortlist
ignorant
allowable
pane
parity
karate
shoreline
endurance
pager
soar
tang
torah
symmetric
appellate
insightful
bungalow
roundtable
kiosk
sturdy
dyke
fir
eater
contiguous
ascertain
inaccurate
explanatory
ministerial
traction
hover
enrolment
dragonfly
disguise
bipolar
communicator
preacher
outrage
amethyst
lush
undoubtedly
menopause
inbound
plaster
blush
eclectic
reluctant
headphone
graphite
limerick
flourish
bum
invaluable
multitude
intercontinental
accuse
utterly
punt
foe
perpetual
kinetic
caffeine
patty
sulfur
eta
troop
verbatim
innocence
cation
cardboard
attributable
collage
tertiary
calorie
inverter
tread
predictable
susceptible
personalize
tenor
tao
spruce
volatility
quot
diocese
ritz
deception
preface
affidavit
blitz
ulcer
cardiology
playoff
honorary
stencil
kart
hammer
butte
misty
magnolia
conservatory
escrow
pineapple
misery
spindle
heh
prentice
despair
transcend
mediator
sprinkle
cobalt
recombinant
inferior
downward
coup
hogan
retriever
libertarian
hem
pea
magician
rebellion
accidentally
doughty
vinegar
fixture
glassware
steadily
clergy
moderately
hatchback
biochemical
repetitive
ponder
concur
commend
panoramic
clover
stakeholder
sincere
crusade
reinforcement
stochastic
prelude
canine
ammunition
midget
airmail
problematic
roadmap
blower
siege
elder
aggression
redundancy
bistro
heroin
evacuation
sucker
laborer
holster
rubbish
analytic
risky
luncheon
predominantly
precedence
uncover
monastery
adorable
reconcile
courthouse
fern
timeless
exposition
conformance
stewardship
cortex
parody
bioinformatics
viola
silhouette
rake
hypnosis
pastel
confer
orb
mop
conserve
artillery
applicability
vortex
upstairs
listserv
fab
hickory
lava
utilise
separator
quo
clasp
commuter
tentative
authenticity
jolly
kindness
grille
hunk
lob
nasal
inevitably
privatization
tandem
glare
frontline
tele
cello
crater
oxidation
overdose
shaver
peasant
tame
reap
atheist
nowadays
nitrate
watchdog
mirage
wand
urn
tricky
pamphlet
indicative
outage
infringe
upholstery
viper
restrictive
infusion
predictive
aquaculture
billing
marin
hoe
dolly
halfway
deter
bohemian
recherche
accountancy
stew
stroll
disadvantage
salute
sparkle
jingle
mural
politician
femme
unanimous
diplomat
turntable
misconduct
folklore
cultivation
clarinet
voluntarily
bunker
indent
pallet
nephew
responder
invitational
trooper
dun
decode
thereto
tycoon
bully
toby
reopen
soluble
radiant
yearbook
firstly
rustic
gorge
visitation
immortal
denomination
dorm
stripper
fraudulent
woodworking
forgiveness
catalytic
haze
ante
remake
disagreement
throttle
hardship
nerd
poetic
inpatient
testosterone
jock
cozy
dementia
questionable
seaside
leopard
suitability
cobb
unbelievable
trajectory
piracy
roc
negro
stumble
wrath
peculiar
fore
awe
digitally
krone
speciality
pardon
albeit
billiards
righteous
intentionally
censorship
viva
bloodhound
maneuver
fiberglass
waive
apron
omit
splendid
briefcase
hare
sharply
visualize
ordination
plat
draper
underline
tho
rumble
regent
watercolor
pussycat
vail
refrain
limestone
impedance
propagate
germ
apprenticeship
compress
unread
scorecard
bloc
polygon
scarce
subversion
psycho
voodoo
bowman
shah
clap
excalibur
kiwi
indictment
diver
interpersonal
dexter
traumatic
crunch
fiddle
shredder
thistle
mango
briefing
adversely
sectional
ligand
onboard
nucleic
watermark
jasmine
brock
sawyer
callback
soften
exert
assassination
invariant
pelican
gorilla
swirl
waveform
outward
uptake
beech
tic
enrich
malignant
satire
contraction
ply
roadside
lawful
biochem
biopsy
aisle
intrigue
emporium
antibiotic
madame
overweight
boast
sherry
beginning
inception
lex
sleeper
remuneration
pint
recharge
kangaroo
pedestal
nun
sniper
barley
procure
potent
enactment
extinction
zeta
dine
hob
mantle
backstreet
visor
peck
realism
quart
saxophone
datum
multilingual
underscore
desperately
contention
repetition
nozzle
buggy
remedial
teller
vain
garrison
kin
lapse
barefoot
criticize
supernatural
clam
raspberry
receivable
amen
mortar
catcher
taco
merlin
thematic
pudding
aura
sway
excise
serving
cripple
mot
makeover
alleviate
barney
rum
dinnerware
interconnection
bounty
sclerosis
homosexuality
brooch
emotionally
masonry
injustice
medicinal
annum
indoors
celestial
topaz
initialization
wharf
statistic
obedience
hoop
ombudsman
gladly
schizophrenia
segmentation
finale
dominance
sorority
octave
imitation
moth
portray
stagger
ow
warez
consulate
magenta
obstruction
cucumber
overly
intermediary
manpower
melon
flange
slug
refundable
astronaut
trendy
slider
neurological
pronunciation
irony
militia
imaginary
unfold
viability
smiley
zenith
yum
skater
ovarian
softly
plenary
smack
barrow
intestinal
cabbage
fauna
raffle
pneumatic
midtown
stabilization
authoritative
infect
immense
pact
kinetics
custodian
uphold
diplomacy
foreigner
polymerase
beanie
protestant
metre
secretion
menace
purge
entrepreneurial
invent
housekeep
scion
baggage
dusty
solver
regimen
wolverine
episcopal
humane
reorganization
detox
unfinished
casserole
conduit
vicious
terminator
microprocessor
perch
reversible
unclassified
lipstick
confederate
anticipation
dire
fps
consequential
unreasonable
expat
storey
raider
timer
monograph
sparrow
inscription
inaugural
retrospective
aspirin
prudential
centrally
luv
tomcat
anterior
withstand
urgency
onyx
foolish
decal
originate
nausea
congratulate
equine
refinery
comfortably
addictive
mover
adjunct
psychiatrist
overlook
rainforest
goblet
federally
smear
obituary
steward
brandy
sleepy
nope
weaken
extractor
meth
jour
morphology
riff
scorpion
memoir
snail
poppy
mead
chatter
drosophila
phenotype
veto
mammoth
cling
caterpillar
persecution
microbial
cloak
containment
mitochondrial
rattle
angular
devote
tug
jag
clearinghouse
incorrectly
avoidance
indulge
mariner
settling
chronology
pivot
vodka
rollover
gratitude
edible
anon
eminent
veggie
greyhound
hopeful
screenplay
exceptionally
forage
grange
interestingly
fashionable
tidal
despatch
vitality
vengeance
inherit
miner
genital
insomnia
constituent
recount
algebraic
grantee
wafer
conveyor
nous
policeman
backgammon
chromatography
correlate
herbicide
hulk
gimp
cleavage
scholastic
gutter
regal
gastrointestinal
circumstance
acreage
sandbox
gong
hue
locomotive
axiom
excursion
inverness
stabilize
wick
bodily
premiership
revolt
standalone
stump
mainframe
guesthouse
antitrust
proto
contradict
gin
inject
anesthesia
cub
wrongful
signage
equivalence
deepen
infertility
easement
curly
mister
dab
jealous
banjo
pebble
leach
allele
doctorate
pore
defy
lobbyist
subpoena
joystick
remodel
valet
maize
unaware
discretionary
bandit
psalm
particulate
isotope
sham
bangle
widen
apocalypse
dermatology
beau
jubilee
carbonate
recurrent
recursive
obstacle
fluorescence
kosher
wight
comedian
transducer
mandrake
cutter
archbishop
fife
climax
breadth
predictor
liquidity
foliage
intentional
launcher
galactic
creamy
burgess
acetate
downhill
enact
contraceptive
measurable
ami
brunch
academia
phosphorus
descriptor
volcanic
hemp
assassin
hijack
liquidation
proficient
cyclic
boogie
revert
condom
conjugate
dirk
usefulness
encrypt
unsolicited
windy
wonderland
gasp
textual
overhaul
bun
magnify
wasp
saturation
diarrhea
inorganic
blister
manifesto
ether
couture
addendum
reflector
toilette
fundamentally
gigantic
blizzard
benedict
mayhem
discomfort
mummy
whiskey
vogue
intangible
frenzy
afro
provost
livelihood
biosynthesis
revocation
timberland
wig
loot
mach
decorate
adhesion
snort
modifier
biologist
zine
psychotherapy
tart
sniff
polite
moist
peacock
ration
bulldog
exponential
gradual
ibis
ferret
takeover
fetus
aromatic
honourable
lulu
dissolve
mastery
effluent
hustler
blockbuster
spaghetti
physicist
serif
sweetheart
heartbeat
credential
confession
stallion
communism
ling
lube
splinter
estimator
nationalist
vow
reconsider
pamper
absurd
tolerant
skid
stove
otter
earring
blowout
blackboard
poop
loaf
heavyweight
furious
marcel
unsafe
emu
unidentified
marking
resell
quarterback
portage
spp
sober
curator
cessation
entirety
hamper
scotch
coincidence
siren
chow
stopper
thorn
steroid
horticulture
persona
sympathetic
pollen
unconscious
acronym
householder
faulty
leakage
breathtaking
infamous
figurine
cyberspace
backdrop
setback
tenacious
sensual
caucus
petit
incompatible
inning
chlorine
freshly
cafeteria
rye
arterial
toxicology
tidy
bison
lax
mobilize
emulate
triathlon
nostalgia
remarkably
shorten
slit
shipper
flank
platter
spinner
rejoice
badminton
bookcase
cyan
teamwork
kraft
dwelling
balm
portability
blot
homicide
anglican
cooler
multilateral
platelet
galore
aloha
dehydrogenase
aq
folio
indulgence
classy
choral
finch
gastric
waltz
coo
secretarial
theirs
collagen
reputable
windshield
cognition
lookout
abound
jig
skim
provoke
duet
confrontation
boa
runaway
pathfinder
fudge
hamburger
miserable
unsuccessful
chesterfield
turnaround
liposuction
overture
wiper
chaser
adore
apoptosis
thankful
epoxy
firefly
statesman
additive
armada
professionalism
carp
metropolis
washable
hallway
bard
fundraiser
acorn
deficient
imbalance
pug
asteroid
filth
lexicon
hamster
moderation
coder
outrageous
posterior
reclamation
bovine
remembrance
cashmere
meteorological
antiquity
horsepower
alcoholism
maximal
prenatal
blouse
suffice
unrestricted
happening
superhero
contempt
socialism
anarchy
ineffective
covert
bog
outpost
veneer
erode
rhinestone
acme
dialect
primate
culturally
shady
evenly
arbitrator
spool
propane
crocodile
prosecute
breeder
pneumonia
drunken
spoiler
distraction
rein
baroque
madam
entropy
nag
rhyme
jihad
irritation
heartland
philanthropy
showdown
inmate
nuisance
thereon
dissolution
septic
spokesperson
constellation
sled
fulfil
sludge
apology
pap
sane
blueberry
needless
emeritus
susceptibility
ambiguity
dynamite
lakeside
saline
heterogeneous
birthplace
crease
mimic
murderer
heroic
luckily
ultraviolet
ripple
sprinkler
sinus
injunction
hush
rivet
devise
ammonia
coward
systematically
spectacle
snooker
conductivity
imminent
tights
opaque
synchronize
recreate
enumeration
peril
farmhouse
communal
motley
multiplication
assembler
mascot
retractable
stout
coco
autograph
causal
stringent
rowan
awkward
congrats
amigo
largo
reverend
diligence
stair
splitter
estuary
motto
standardization
wreath
mystical
recurrence
drawback
darn
visionary
warden
authenticate
underwood
breakout
sonny
longevity
lux
sterile
importer
krona
botany
upland
vocalist
venom
allegro
materially
hummingbird
dreamy
spoof
backstage
crypt
acquaintance
intuition
giggle
aquifer
tuxedo
dagger
qq
collier
lash
hostility
cultivate
proclaim
greed
commando
lastly
herring
firearm
quorum
expectancy
coffin
plow
participatory
intermittent
budgetary
bearer
cruelty
hustle
spongebob
fractional
ideological
geriatric
concierge
rheumatoid
thence
polarization
understandable
shea
hammock
practicable
ancestor
coastline
canonical
believer
notary
nifty
utmost
scrape
disbursement
skeletal
shoppe
shove
anthrax
deity
juniper
shockwave
stink
negatively
spinach
ancillary
planar
adequacy
paralegal
oscillator
cavalry
deformation
comeback
prevalent
pip
repertoire
prostitution
joker
horseback
terribly
earnest
skew
myocardial
homme
everytime
sander
catchment
foreman
glider
campsite
creditor
aloe
abrasive
pertain
deacon
outback
muddy
quicken
allegiance
seneca
oceanic
flair
comprehend
quarantine
festive
awakening
pictorial
waiter
ode
penthouse
myriad
flamingo
uninsured
ambiguous
originator
righteousness
unicorn
discriminatory
tableware
lama
suction
ache
prioritize
lilac
plural
teak
adjective
shank
hillside
loch
omission
applaud
nomad
speculate
methane
tumour
comptroller
epoch
doorway
correctness
wacky
fairway
implication
dreamer
bazaar
relativity
confuse
quay
navigational
awaken
cavern
multiplex
insanity
waffle
toad
vl
oversized
sibling
airbag
polytechnic
tickle
ashamed
commemorate
gathering
ire
scribe
unabridged
dickens
saucer
synchronous
folly
mermaid
preparatory
serpent
moo
dune
homelessness
stony
weep
missy
trucker
turnout
lessen
helium
furry
screwdriver
wonderfully
whitewater
workgroup
congenital
underestimate
barge
finely
depository
robotic
flagship
maestro
rodent
dialysis
tram
noticeable
tabletop
smoker
beep
catastrophe
benign
bale
dunno
evidently
unforgettable
elemental
lore
bod
genuinely
subcontract
songbook
slant
souvenir
wicker
mojo
decisive
typewriter
genotype
immersion
swarm
annals
storytelling
sadness
dictator
periodical
recital
bombing
pianist
sabre
corset
lettuce
accomplishment
onwards
bogus
anemia
clubhouse
tat
bunk
dusk
nouveau
customary
vertically
cautious
malt
bullshit
jive
inhalation
mobil
counterpart
downtime
secretly
hive
repeater
fob
fam
technologist
experimentation
dealing
pathetic
guerrilla
centric
striker
geophysical
fictional
adherence
brotherhood
illegally
harden
halogen
mediate
proclamation
bender
cardigan
servo
respectfully
ulster
macroeconomic
yogurt
tanker
salesman
equate
brownie
destroyer
chit
starch
leash
elicit
divider
grenade
sanity
pragmatic
heron
hector
audible
checker
stomp
homogeneous
forte
convection
catheter
paragon
derivation
feminism
pointless
vox
harrow
whisky
genealogical
forehead
grit
kicker
selfish
eventual
upscale
unpack
persuasion
kiln
novelist
arguably
walkman
keepsake
bureaucracy
saltwater
truss
grassland
haute
interviewer
sportsman
unfamiliar
deterioration
caliber
arid
bobcat
raft
linden
synagogue
gall
neighbour
allure
dispense
ding
permissible
latent
cockpit
nicotine
inward
sulphur
wager
curricular
duvet
relic
chaotic
principally
outright
parachute
sandal
naive
skeptical
transceiver
weir
dependable
prudent
sultan
alchemy
stalk
geographically
pandemic
sire
tong
forfeit
colleen
mismatch
childbirth
seduce
plumber
plank
intestine
fiery
convex
carver
manure
maven
surfer
proprietor
bop
slang
squat
outbound
scrabble
restless
unanswered
sprawl
cameo
courtroom
bolster
corsair
workaround
jargon
intellect
torso
annoy
playhouse
synthase
excitation
ascension
taper
scientology
flagstaff
hoist
savior
attest
rightly
basal
rooster
indispensable
wen
ornamental
illicit
oppression
homecoming
monoclonal
curling
crusader
ignite
are
wholesaler
smoky
opus
recession
narrator
mage
inherently
forefront
outboard
dilution
monophonic
amazingly
gambler
hereinafter
skipper
analogous
unpleasant
dram
ecstasy
blindness
negotiable
hearted
tint
agility
crouch
indemnity
syringe
noteworthy
agile
ionic
clinically
monmouth
burr
presenter
teal
unnamed
inlay
mindless
amplification
intruder
greedy
baht
thermostat
societal
detergent
witty
dorado
occult
hoax
coaxial
accompaniment
deprivation
setter
heuristic
ballistic
recite
confederation
exemplary
cider
playful
plaid
revere
contraception
deodorant
polaroid
marquis
prognosis
underage
cardio
brow
acclaim
cleanse
kool
synthesizer
caveat
lymph
cleanser
pollutant
protease
grandson
almighty
modernization
pinpoint
openness
chromium
tyrosine
weary
fart
envoy
teaser
grower
slippery
unpredictable
stash
nationalism
sparse
generalization
braille
motorize
snare
plume
standpoint
creepy
aerobic
gladiator
modal
ratification
ooh
vial
awning
lucent
orthopedic
familiarity
groovy
erroneous
conceal
histogram
ism
ophthalmology
paddy
invocation
cracker
renegade
fumble
ironic
shred
unsupported
fugitive
foreword
payoff
faire
medley
conversely
transgender
upwards
pong
loosely
hertz
firefighter
digestion
collide
puck
propulsion
allotment
compassionate
catastrophic
misdemeanor
silky
niece
reusable
inversion
actuarial
horseshoe
godfather
cram
lament
erectile
timeliness
contender
pageant
obstetrics
rapper
glitch
malfunction
chemically
storefront
segregation
superannuation
overcast
revisit
cabaret
silica
pilgrimage
graveyard
presume
pax
pun
conjecture
tummy
pervasive
anabolic
syllable
dyer
naturalist
knowingly
sag
capitalize
transverse
meteor
uniformly
salesperson
piedmont
yin
outlying
filthy
marvelous
vigorous
boredom
exponent
gopher
downstairs
concordance
cheerful
snip
spherical
intracellular
favourable
bullock
overdrive
billiard
momma
needy
unseen
piazza
notepad
optimism
unusually
buoy
impotence
constable
depletion
wrangler
gam
alligator
intravenous
hereafter
remit
ballast
flask
fragmentation
paranormal
generosity
akin
adversary
aqueous
canister
coma
gangster
smother
presumption
preferable
ironically
vowel
billet
hottie
adrenaline
hone
snowman
mammalian
rascal
meteorology
maniac
pristine
interception
auditory
apricot
applause
medically
trait
melanoma
picturesque
grader
resent
trough
brood
secrecy
remand
shovel
fertile
plausible
eruption
interlock
spaniel
fahrenheit
oneself
abbreviation
mite
intersect
broom
anomaly
flatbed
expressive
punctuation
frontal
havoc
ubiquitous
genie
arsenic
synonym
facilitation
vantage
mobilization
rupture
yer
cutoff
discontinue
eel
glaze
colloquium
abatement
triad
daycare
undercover
transnational
motorway
clog
obscene
shaman
continual
polymorphism
axial
topographic
outweigh
majordomo
imaginative
watchlist
camper
khaki
camouflage
numb
argentine
fuss
aft
trombone
masquerade
uptown
subparagraph
chaplain
rectal
silently
impartial
turbulence
trampoline
tyranny
adept
tamper
urology
aforementioned
obese
verge
legitimacy
zoology
enigma
unwilling
deduct
velcro
playmate
paranoid
dizzy
tweed
sinister
disappearance
perish
crosse
phosphorylation
helpless
innovator
neonatal
racquet
fundamentalist
reaper
depiction
proctor
revoke
bridesmaid
labyrinth
cosmopolitan
pulley
cyst
sassy
ribosomal
masturbate
pancreatic
receptacle
fiduciary
digger
collectable
shortfall
craze
suitcase
bulge
straighten
imposition
demise
tactic
voicemail
snowy
contextual
teleconference
wisely
neutrino
atrium
superficial
fret
cryptography
tubular
cupboard
ultrasonic
intergovernmental
croft
coherence
druid
elliptical
dino
burglary
flashback
tributary
scalp
attire
derrick
respectful
haiku
ascend
yummy
externally
fluffy
retardation
lyme
solitary
bathtub
pecan
confinement
perturbation
ado
orderly
chronograph
sandstone
everlasting
shawl
citadel
endocrine
agony
fanny
polyethylene
bootleg
ammo
slough
hearth
ruling
quadrant
mantra
geophysics
microscopic
broccoli
delinquent
linker
embryonic
ascent
graceful
intimacy
shellfish
brink
putter
nebula
epsilon
salinity
exhaustive
astrophysics
windmill
conceive
eject
inferno
devotional
meaningless
negligible
moron
hutch
grub
prong
mentality
axel
expandable
censor
bourne
distract
slender
reliably
bartender
multidisciplinary
relapse
ventricular
singleton
evoke
villager
signify
rapport
transferable
loco
frown
husky
paycheck
bland
rouse
yup
fixation
foreground
abigail
disgust
lighten
viscosity
immunoglobulin
counterfeit
outlay
terminus
fibrosis
braid
pluck
marten
fungus
wrestler
swat
impede
parametric
kickoff
sweetie
flatware
torment
parenthood
anarchist
hitter
morph
lobe
sable
outset
doubtful
inflow
consultative
insecure
simmer
divert
elasticity
unload
